go : # github.com/sovereign-l1/l1/x/aetravm/async
строка:1 знак:19
+ ... 5001 >$null;go build ./x/aetravm/... ./x/contracts/types/... > build_ ...
+                 ~~~~~~~~~~~~~~~~~~~~~~~~~~~~~~~~~~~~~~~~~~~~~~~~~~~~~~~~~
    + CategoryInfo          : NotSpecified: (# github.com/so...x/aetravm/async:String) [], RemoteException
    + FullyQualifiedErrorId : NativeCommandError
 
x\aetravm\async\exit_codes.go:20:9: undefined: ResultForbiddenHostCall
x\aetravm\async\exit_codes.go:20:96: undefined: contractstypes.ExitCodeForbiddenHostCall
x\aetravm\async\exit_codes.go:22:9: undefined: ResultInvalidJump
x\aetravm\async\exit_codes.go:22:83: undefined: contractstypes.ExitCodeInvalidJump
x\aetravm\async\exit_codes.go:23:9: undefined: ResultCallStackOverflow
x\aetravm\async\exit_codes.go:23:96: undefined: contractstypes.ExitCodeCallStackOverflow
x\aetravm\async\exit_codes.go:24:9: undefined: ResultContinuationNotFound
x\aetravm\async\exit_codes.go:24:102: undefined: contractstypes.ExitCodeContinuationNotFound
x\aetravm\async\exit_codes.go:25:9: undefined: ResultRecursionLimitExceeded
x\aetravm\async\exit_codes.go:25:106: undefined: contractstypes.ExitCodeRecursionLimitExceeded
x\aetravm\async\exit_codes.go:25:106: too many errors
